<?xml version="1.0" encoding="UTF-8"?>
<testsuites name="jest tests" tests="1" failures="0" time="1.024">
  <testsuite name="myFunction" errors="0" failures="0" skipped="0" timestamp="2020-02-18T13:39:17" time="0.331" tests="1">
    <testcase classname="myFunction should return hello" name="myFunction should return hello" time="0.002">
    </testcase>
  </testsuite>
</testsuites>